../Core/Src/main.c:71:6:HAL_TIM_PeriodElapsedCallback	16	static
../Core/Src/main.c:79:6:HAL_ADC_ConvCpltCallback	16	static
../Core/Src/main.c:93:5:main	8	static
../Core/Src/main.c:163:6:SystemClock_Config	96	static
../Core/Src/main.c:213:13:MX_ADC1_Init	48	static
../Core/Src/main.c:280:13:MX_DAC1_Init	48	static
../Core/Src/main.c:323:13:MX_TIM6_Init	24	static
../Core/Src/main.c:361:13:MX_TIM7_Init	24	static
../Core/Src/main.c:399:13:MX_USART2_UART_Init	8	static
../Core/Src/main.c:434:13:MX_GPIO_Init	48	static
../Core/Src/main.c:470:6:Error_Handler	4	static,ignoring_inline_asm
