../Core/Src/main.c:78:6:HAL_TIM_PeriodElapsedCallback	16	static
../Core/Src/main.c:89:6:HAL_ADC_ConvCpltCallback	16	static
../Core/Src/main.c:104:5:main	8	static
../Core/Src/main.c:174:6:SystemClock_Config	96	static
../Core/Src/main.c:224:13:MX_ADC1_Init	48	static
../Core/Src/main.c:291:13:MX_DAC1_Init	48	static
../Core/Src/main.c:334:13:MX_TIM6_Init	24	static
../Core/Src/main.c:372:13:MX_TIM7_Init	24	static
../Core/Src/main.c:410:13:MX_USART2_UART_Init	8	static
../Core/Src/main.c:445:13:MX_GPIO_Init	48	static
../Core/Src/main.c:481:6:Error_Handler	4	static,ignoring_inline_asm
